// Jest Snapshot v1, https://goo.gl/fbAQLP

exports[`CounterList component matches the snapshot 1`] = `
<div>
  <div>
    <a
      className="src-components-Button-___style__btn___2qMxX"
      onClick={[Function]}
    >
      <span
        className="text"
      >
        Add Counter
      </span>
    </a>
  </div>
  <ul>
    <li>
      <div>
        <p>
          Current count: 
          0
        </p>
        <div>
          <a
            className="src-components-Button-___style__btn___2qMxX"
            onClick={[Function]}
          >
            <span
              className="text"
            >
              +++
            </span>
          </a>
        </div>
        <div>
          <a
            className="src-components-Button-___style__btn___2qMxX"
            onClick={[Function]}
          >
            <span
              className="text"
            >
              ---
            </span>
          </a>
        </div>
      </div>
    </li>
    <li>
      <div>
        <p>
          Current count: 
          0
        </p>
        <div>
          <a
            className="src-components-Button-___style__btn___2qMxX"
            onClick={[Function]}
          >
            <span
              className="text"
            >
              +++
            </span>
          </a>
        </div>
        <div>
          <a
            className="src-components-Button-___style__btn___2qMxX"
            onClick={[Function]}
          >
            <span
              className="text"
            >
              ---
            </span>
          </a>
        </div>
      </div>
    </li>
  </ul>
</div>
`;
